[portfolio-younes.fr/index.html]
[backblue.gif]
[fade.gif]
[index.html]
[portfolio-younes.fr/assets/img/mslogo-removebg-preview (1).png]
[portfolio-younes.fr/index-2.html]
[portfolio-younes.fr/autres/hireme.html]
[portfolio-younes.fr/assets/img/Hand coding-bro.png]
[portfolio-younes.fr/assets/img/Programming-bro (1).png]
[portfolio-younes.fr/assets/cv_younes.pdf]
[portfolio-younes.fr/assets/Lettre_Motivation.pdf]
[cdn.lordicon.com/lordicon.js]
[portfolio-younes.fr/assets/vendor/purecounter/purecounter_vanilla.js]
[portfolio-younes.fr/assets/vendor/aos/aos.js]
[portfolio-younes.fr/assets/vendor/bootstrap/js/bootstrap.bundle.min.js]
[portfolio-younes.fr/assets/vendor/glightbox/js/glightbox.min.js]
[portfolio-younes.fr/assets/vendor/isotope-layout/isotope.pkgd.min.js]
[portfolio-younes.fr/assets/vendor/swiper/swiper-bundle.min.js]
[portfolio-younes.fr/assets/vendor/php-email-form/validate.js]
[portfolio-younes.fr/assets/js/main.js]
[portfolio-younes.fr/index.html]
[portfolio-younes.fr/assets/css/fonts/icomoon6029.eot]
[portfolio-younes.fr/assets/css/fonts/icomoon6029.ttf]
[portfolio-younes.fr/assets/css/fonts/icomoon6029.woff]
[portfolio-younes.fr/assets/css/fonts/icomoon6029.svg]
[portfolio-younes.fr/assets/css/icomoon.css]
[portfolio-younes.fr/assets/vendor/boxicons/fonts/boxicons.eot]
[portfolio-younes.fr/assets/vendor/boxicons/fonts/boxicons.woff2]
[portfolio-younes.fr/assets/vendor/boxicons/fonts/boxicons.woff]
[portfolio-younes.fr/assets/vendor/boxicons/fonts/boxicons.ttf]
[portfolio-younes.fr/assets/vendor/boxicons/css/boxicons.min.css]
[portfolio-younes.fr/assets/vendor/aos/aos.css]
[portfolio-younes.fr/assets/vendor/bootstrap/css/bootstrap.min.css]
[portfolio-younes.fr/assets/vendor/bootstrap-icons/fonts/bootstrap-icons0107.woff2]
[portfolio-younes.fr/assets/vendor/bootstrap-icons/fonts/bootstrap-icons0107.woff]
[portfolio-younes.fr/assets/vendor/bootstrap-icons/bootstrap-icons.css]
[portfolio-younes.fr/assets/vendor/glightbox/css/glightbox.min.css]
[portfolio-younes.fr/assets/vendor/swiper/swiper-bundle.min.css]
[portfolio-younes.fr/assets/fonts/icomoon/icomoona57c.eot]
[portfolio-younes.fr/assets/fonts/icomoon/icomoona57c.ttf]
[portfolio-younes.fr/assets/fonts/icomoon/icomoona57c.woff]
[portfolio-younes.fr/assets/img/hero-bg.jpg]
[portfolio-younes.fr/assets/css/style.css]
[portfolio-younes.fr/index-2.html]
[cdn.jsdelivr.net/npm/bootstrap@5.3.0/dist/css/bootstrap.min.css]
[portfolio-younes.fr/assets/img/winform.png]
[portfolio-younes.fr/assets/img/eloquence.png]
[portfolio-younes.fr/assets/img/caisse.png]
[portfolio-younes.fr/assets/img/scraping.png]
[portfolio-younes.fr/assets/img/calculatrice.png]
[portfolio-younes.fr/assets/img/gsb.png]
[portfolio-younes.fr/assets/img/reserve.png]
[portfolio-younes.fr/assets/img/gourmet.png]
[portfolio-younes.fr/assets/img/dicho.png]
[portfolio-younes.fr/assets/img/rasp.png]
[portfolio-younes.fr/autres/hireme.html]
[portfolio-younes.fr/assets/img/code.svg]
[portfolio-younes.fr/assets/img/workflows.svg]
[portfolio-younes.fr/assets/css/fonts/icomoon6029.html]
[portfolio-younes.fr/assets/css/fonts/icomoon6029-2.html]
[portfolio-younes.fr/assets/css/fonts/icomoon6029-3.html]
[portfolio-younes.fr/assets/css/fonts/icomoon6029-4.html]
[portfolio-younes.fr/assets/vendor/boxicons/fonts/boxiconsd41d.svg]
[portfolio-younes.fr/assets/fonts/icomoon/icomoona57c.svg]
[cdn.jsdelivr.net/npm/bootstrap@5.3.0/dist/css/bootstrap.min.css]
